../Core/Src/main.c:89:5:main	8	static
../Core/Src/main.c:140:6:SystemClock_Config	88	static
../Core/Src/main.c:179:13:MX_I2C1_Init	8	static
../Core/Src/main.c:210:13:MX_GPIO_Init	40	static
../Core/Src/main.c:294:6:modo_operacao	8	static
../Core/Src/main.c:333:6:contagem	8	static
../Core/Src/main.c:352:6:modo_setpoint	8	static
../Core/Src/main.c:365:6:modo_setpoint_obrigatorio	8	static
../Core/Src/main.c:372:6:btn_relogio_processado	4	static
../Core/Src/main.c:406:6:le_botoes	4	static
../Core/Src/main.c:576:6:Error_Handler	4	static,ignoring_inline_asm
